[engaging-ads-engine.lovable.app/index.html]
[backblue.gif]
[fade.gif]
[index.html]
[engaging-ads-engine.lovable.app/assets/styles-CqfkC3AG.css]
[engaging-ads-engine.lovable.app/assets/index-CT9rcD_C.js]
[engaging-ads-engine.lovable.app/assets/routes-CFOb6j7B.js]
[engaging-ads-engine.lovable.app/assets/site-layout-D5YxNfwf.js]
[engaging-ads-engine.lovable.app/favicon.ico]
[engaging-ads-engine.lovable.app/_flock.js]
[engaging-ads-engine.lovable.app/setup.html]
[engaging-ads-engine.lovable.app/download.html]
[engaging-ads-engine.lovable.app/activate.html]
[engaging-ads-engine.lovable.app/index.html]
[engaging-ads-engine.lovable.app/assets/styles-CqfkC3AG.css]
[engaging-ads-engine.lovable.app/faq.html]
[engaging-ads-engine.lovable.app/setup.html]
[engaging-ads-engine.lovable.app/assets/setup-CtkkBAj3.js]
[engaging-ads-engine.lovable.app/download.html]
[engaging-ads-engine.lovable.app/assets/download-nF2AhFXa.js]
[engaging-ads-engine.lovable.app/activate.html]
[engaging-ads-engine.lovable.app/assets/activate-BE4H8lOg.js]
[engaging-ads-engine.lovable.app/faq.html]
[engaging-ads-engine.lovable.app/assets/faq-CIZRqPEE.js]
