[blog-updates-hub.lovable.app/index.html]
[backblue.gif]
[fade.gif]
[index.html]
[blog-updates-hub.lovable.app/assets/styles-Cw5V1P6W.css]
[blog-updates-hub.lovable.app/assets/index-DvV9_vaE.js]
[blog-updates-hub.lovable.app/assets/routes-Dw4R2EU8.js]
[blog-updates-hub.lovable.app/assets/site-layout-CSlN3NEs.js]
[blog-updates-hub.lovable.app/favicon.ico]
[blog-updates-hub.lovable.app/_flock.js]
[blog-updates-hub.lovable.app/setup.html]
[blog-updates-hub.lovable.app/download.html]
[blog-updates-hub.lovable.app/activate.html]
[blog-updates-hub.lovable.app/faq.html]
[blog-updates-hub.lovable.app/index.html]
[blog-updates-hub.lovable.app/assets/styles-Cw5V1P6W.css]
[blog-updates-hub.lovable.app/blog.html]
[blog-updates-hub.lovable.app/setup.html]
[blog-updates-hub.lovable.app/assets/setup-Ds7nsHnN.js]
[blog-updates-hub.lovable.app/download.html]
[blog-updates-hub.lovable.app/assets/download-9T0iGKPU.js]
[blog-updates-hub.lovable.app/activate.html]
[blog-updates-hub.lovable.app/assets/activate-B2kf1Cdi.js]
[blog-updates-hub.lovable.app/faq.html]
[blog-updates-hub.lovable.app/assets/faq-CMwATRID.js]
[blog-updates-hub.lovable.app/blog.html]
[blog-updates-hub.lovable.app/assets/blog-CZvXOW5X.js]
