[officeprodeals.com/index.html]
[backblue.gif]
[fade.gif]
[index.html]
[officeprodeals.com/wp-content/uploads/blocksy/css/globalb6ea.css]
[officeprodeals.com/feed/index.html]
[officeprodeals.com/comments/feed/index.html]
[officeprodeals.com/wp-content/plugins/testimonial-slider-and-showcase/assets/css/wptestimonial42d8.css]
[officeprodeals.com/wp-content/themes/blocksy/styleb6a4.css]
[officeprodeals.com/wp-content/themes/blocksy/static/bundle/woocommerce.minfa0d.css]
[officeprodeals.com/wp-content/plugins/elementor/assets/css/frontend-lite.min28fc.css]
[officeprodeals.com/wp-content/plugins/testimonial-slider-and-showcase/assets/vendor/swiper/swiper.min42d8.css]
[officeprodeals.com/wp-content/uploads/elementor/css/post-9691046.css]
[officeprodeals.com/wp-content/uploads/elementor/css/post-700c50f.css]
[officeprodeals.com/wp-content/themes/blocksy/static/bundle/main.minfa0d.css]
[officeprodeals.com/wp-content/themes/blocksy/static/bundle/elementor-frontend.minfa0d.css]
[officeprodeals.com/wp-content/themes/blocksy/static/bundle/elementor-woocommerce-frontend.minfa0d.css]
[officeprodeals.com/wp-content/themes/blocksy/static/bundle/wpforms.minfa0d.css]
[officeprodeals.com/wp-content/plugins/blocksy-companion/static/bundle/header-account.min03bf.css]
[officeprodeals.com/wp-includes/js/jquery/jquery.minf43b.js]
[officeprodeals.com/wp-includes/js/jquery/jquery-migrate.min5589.js]
[officeprodeals.com/wp-content/plugins/woocommerce/assets/js/jquery-blockui/jquery.blockUI.minb152.js]
[officeprodeals.com/wp-content/plugins/woocommerce/assets/js/frontend/add-to-cart.min4615.js]
[officeprodeals.com/wp-content/plugins/woocommerce/assets/js/js-cookie/js.cookie.minf31e.js]
[officeprodeals.com/wp-content/plugins/woocommerce/assets/js/frontend/woocommerce.min4615.js]
[officeprodeals.com/wp-content/plugins/woocommerce/assets/js/frontend/cart-fragments.min4615.js]
[officeprodeals.com/wp-json/index.html]
[officeprodeals.com/wp-json/wp/v2/pages/700.json]
[officeprodeals.com/xmlrpc0db0.php]
[officeprodeals.com/wp-json/oembed/1.0/embed56da.json]
[officeprodeals.com/wp-json/oembed/1.0/embed5e8b]
[officeprodeals.com/wp-content/plugins/woocommerce/assets/fonts/Inter-VariableFont_slnt,wght.woff2]
[officeprodeals.com/wp-content/plugins/woocommerce/assets/fonts/cardo_normal_400.woff2]
[officeprodeals.com/wp-content/uploads/2024/05/officeprodeals.png]
[officeprodeals.com/products/index.html]
[officeprodeals.com/wp-content/plugins/elementor/assets/css/widget-icon-box.min.css]
[officeprodeals.com/contact-us/index.html]
[officeprodeals.com/my-account/index.html]
[officeprodeals.com/wp-content/uploads/2024/06/Office-2007-1-300x300.webp]
[officeprodeals.com/privacy-policy/index.html]
[officeprodeals.com/about-us/index.html]
[officeprodeals.com/cart/index.html]
[officeprodeals.com/product/microsoft-office-2007-with-software-and-key/index.html]
[officeprodeals.com/wp-content/uploads/2024/06/microsoft-office-2010-professional-plus-32-64-bit-product-key-300x316.jpg]
[officeprodeals.com/product-category/office/index.html]
[officeprodeals.com/product/office-2010-professional-plus/index.html]
[officeprodeals.com/wp-content/uploads/2022/05/article-image-5-768x637.webp]
[officeprodeals.com/index760b.html]
[officeprodeals.com/wp-content/uploads/2022/05/article-image-4-768x637.webp]
[officeprodeals.com/amet-commodo-nulla-facilisi-vehicula-ipsum/index.html]
[officeprodeals.com/index233f.html]
[officeprodeals.com/category/useful/index.html]
[officeprodeals.com/wp-content/uploads/2022/05/article-image-6-768x637.webp]
[officeprodeals.com/urnaneque-viverra-justo-ultrices-sapieneget/index.html]
[officeprodeals.com/category/gadgets/index.html]
[officeprodeals.com/wp-content/plugins/testimonial-slider-and-showcase/assets/images/placeholder.png]
[officeprodeals.com/tristique-magna-amet-purus-gravida-quisblandit/index.html]
[officeprodeals.com/category/expirience/index.html]
[officeprodeals.com/wp-content/plugins/woocommerce/assets/client/blocks/wc-blocksbbf5.css]
[officeprodeals.com/cancellation-refund/index.html]
[officeprodeals.com/terms-and-conditions/index.html]
[officeprodeals.com/wp-content/plugins/testimonial-slider-and-showcase/assets/vendor/fontello/css/tss-font.min42d8.css]
[officeprodeals.com/wp-includes/css/dashicons.minb6a4.css]
[officeprodeals.com/wp-content/plugins/woocommerce/assets/js/sourcebuster/sourcebuster.min4615.js]
[officeprodeals.com/wp-content/plugins/woocommerce/assets/js/frontend/order-attribution.min4615.js]
[officeprodeals.com/wp-content/themes/blocksy/static/bundle/mainfa0d.js]
[officeprodeals.com/wp-content/plugins/elementor/assets/js/webpack.runtime.min28fc.js]
[officeprodeals.com/wp-content/plugins/elementor/assets/js/frontend-modules.min28fc.js]
[officeprodeals.com/wp-content/plugins/elementor/assets/lib/waypoints/waypoints.min05da.js]
[officeprodeals.com/wp-includes/js/jquery/ui/core.minb37e.js]
[officeprodeals.com/wp-content/plugins/elementor/assets/js/frontend.min28fc.js]
[officeprodeals.com/wp-includes/js/underscore.mind584.js]
[officeprodeals.com/wp-includes/js/wp-util.minb6a4.js]
[officeprodeals.com/wp-content/plugins/wpforms-lite/assets/js/integrations/elementor/frontend.min8cb8.js]
[officeprodeals.com/wp-content/plugins/testimonial-slider-and-showcase/assets/vendor/isotope/imagesloaded.pkgd.min42d8.js]
[officeprodeals.com/wp-content/plugins/elementor/assets/lib/swiper/swiper.min42d8.js]
[officeprodeals.com/wp-content/plugins/testimonial-slider-and-showcase/assets/js/wptestimonial42d8.js]
[ajax.googleapis.com/ajax/libs/jquery/3.7.1/jquery.min.js]
[officeprodeals.com/index.html]
[officeprodeals.com/wp-content/uploads/blocksy/css/globalb6ea.css]
[officeprodeals.com/wp-content/plugins/testimonial-slider-and-showcase/assets/images/skype.svg]
[officeprodeals.com/wp-content/plugins/testimonial-slider-and-showcase/assets/images/telegram.svg]
[officeprodeals.com/wp-content/plugins/testimonial-slider-and-showcase/assets/images/twitter-x.svg]
[officeprodeals.com/wp-content/plugins/testimonial-slider-and-showcase/assets/css/wptestimonial42d8.css]
[officeprodeals.com/wp-content/themes/blocksy/styleb6a4.css]
[officeprodeals.com/wp-content/themes/blocksy/static/fonts/woo.woff2]
[officeprodeals.com/wp-content/themes/blocksy/static/bundle/woocommerce.minfa0d.css]
[officeprodeals.com/wp-content/plugins/elementor/assets/css/frontend-lite.min28fc.css]
[officeprodeals.com/wp-content/plugins/testimonial-slider-and-showcase/assets/vendor/swiper/swiper.min42d8.css]
[officeprodeals.com/wp-content/uploads/elementor/css/post-9691046.css]
[officeprodeals.com/wp-content/uploads/2024/06/Ms-office.png]
[officeprodeals.com/wp-content/uploads/2022/05/category-laptops.webp]
[officeprodeals.com/wp-content/uploads/2022/05/category-drones-2.webp]
[officeprodeals.com/wp-content/uploads/2022/05/category-phones.webp]
[officeprodeals.com/wp-content/uploads/2022/05/category-gaming.webp]
[officeprodeals.com/wp-content/uploads/2024/04/ba04-article-ms_online.jpg]
[officeprodeals.com/wp-content/uploads/elementor/css/post-700c50f.css]
[officeprodeals.com/wp-content/themes/blocksy/static/fonts/stars.woff2]
[officeprodeals.com/wp-content/themes/blocksy/static/bundle/main.minfa0d.css]
[officeprodeals.com/wp-content/themes/blocksy/static/bundle/elementor-frontend.minfa0d.css]
[officeprodeals.com/wp-content/themes/blocksy/static/bundle/elementor-woocommerce-frontend.minfa0d.css]
[officeprodeals.com/wp-content/themes/blocksy/static/bundle/wpforms.minfa0d.css]
[officeprodeals.com/wp-content/plugins/blocksy-companion/static/bundle/header-account.min03bf.css]
[officeprodeals.com/wp-content/themes/blocksy/static/bundle/no-scripts.min.css]
[officeprodeals.com/wp-includes/css/dist/block-library/style.minb6a4.css]
[officeprodeals.com/products/feed/index.html]
[officeprodeals.com/wp-content/themes/blocksy/static/bundle/page-title.minfa0d.css]
[officeprodeals.com/products/index.html]
[officeprodeals.com/wp-content/uploads/elementor/css/post-698fc2d.css]
[officeprodeals.com/products/index233f.html]
[officeprodeals.com/products/index760b.html]
[officeprodeals.com/wp-json/wp/v2/pages/698.json]
[officeprodeals.com/wp-json/oembed/1.0/embed5bbc.json]
[officeprodeals.com/wp-json/oembed/1.0/embed88af]
[officeprodeals.com/wp-content/uploads/2022/05/about-us-team-scaled-1.webp]
[officeprodeals.com/wp-content/plugins/elementor/assets/lib/jquery-numerator/jquery-numerator.min3958.js]
[officeprodeals.com/about-us/index.html]
[officeprodeals.com/wp-content/plugins/woocommerce/assets/css/select24615.css]
[officeprodeals.com/wp-content/themes/blocksy/static/bundle/share-box.minfa0d.css]
[officeprodeals.com/wp-content/plugins/woocommerce/assets/js/selectWoo/selectWoo.full.mine3ee.js]
[officeprodeals.com/wp-content/plugins/woocommerce/assets/js/frontend/account-i18n.min4615.js]
[officeprodeals.com/wp-json/wp/v2/pages/964.json]
[officeprodeals.com/wp-json/oembed/1.0/embed2e6a.json]
[officeprodeals.com/wp-json/oembed/1.0/embedcd77]
[officeprodeals.com/wp-content/uploads/2024/06/officeprodeals.webp]
[officeprodeals.com/my-account/index.html]
[officeprodeals.com/wp-content/uploads/elementor/css/post-695c916.css]
[officeprodeals.com/my-account/lost-password/index.html]
[officeprodeals.com/wp-json/wp/v2/pages/695.json]
[officeprodeals.com/wp-json/oembed/1.0/embed535e.json]
[officeprodeals.com/wp-json/oembed/1.0/embed2860]
[officeprodeals.com/contact-us/+1-888-821-5758]
[officeprodeals.com/wp-content/plugins/wpforms-lite/assets/images/submit-spin.svg]
[officeprodeals.com/wp-content/plugins/wpforms-lite/assets/css/frontend/modern/wpforms-base.min8cb8.css]
[officeprodeals.com/contact-us/index760b.html]
[officeprodeals.com/contact-us/index233f.html]
[officeprodeals.com/wp-content/plugins/wpforms-lite/assets/lib/jquery.validate.min5441.js]
[officeprodeals.com/wp-content/plugins/wpforms-lite/assets/lib/mailcheck.mincfa9.js]
[officeprodeals.com/wp-content/plugins/wpforms-lite/assets/lib/punycode.min8a54.js]
[officeprodeals.com/wp-content/plugins/wpforms-lite/assets/js/share/utils.min8cb8.js]
[officeprodeals.com/wp-content/plugins/wpforms-lite/assets/js/frontend/wpforms.min8cb8.js]
[officeprodeals.com/wp-content/plugins/wpforms-lite/assets/js/frontend/wpforms-modern.min8cb8.js]
[officeprodeals.com/contact-us/index.html]
[officeprodeals.com/wp-json/wp/v2/pages/3.json]
[officeprodeals.com/privacy-policy/feed/index.html]
[officeprodeals.com/wp-json/oembed/1.0/embed894f.json]
[officeprodeals.com/wp-json/oembed/1.0/embed4d24]
[officeprodeals.com/privacy-policy/index.html]
[officeprodeals.com/wp-content/plugins/woocommerce/assets/js/frontend/country-select.min4615.js]
[officeprodeals.com/wp-content/plugins/woocommerce/assets/js/frontend/address-i18n.min4615.js]
[officeprodeals.com/wp-content/plugins/woocommerce/assets/js/frontend/cart.min4615.js]
[officeprodeals.com/wp-json/wp/v2/pages/962.json]
[officeprodeals.com/wp-json/oembed/1.0/embed40a0.json]
[officeprodeals.com/wp-json/oembed/1.0/embed64d1]
[officeprodeals.com/wp-includes/js/dist/vendor/react.mincb06.js]
[officeprodeals.com/wp-includes/js/dist/dom-ready.min5346.js]
[officeprodeals.com/wp-includes/js/dist/vendor/react-dom.mincb06.js]
[officeprodeals.com/wp-includes/js/dist/hooks.min2757.js]
[officeprodeals.com/wp-includes/js/dist/i18n.minc33c.js]
[officeprodeals.com/wp-includes/js/dist/vendor/wp-polyfill.min2c7c.js]
[officeprodeals.com/wp-content/plugins/woocommerce-payments/dist/cart76d9.js]
[officeprodeals.com/cart/index.html]
[officeprodeals.com/wp-content/plugins/elementor/assets/css/widget-icon-box.min.css]
[officeprodeals.com/wp-content/plugins/woocommerce/assets/css/photoswipe/photoswipe.min4615.css]
[officeprodeals.com/product/microsoft-office-2007-with-software-and-key/feed/index.html]
[officeprodeals.com/wp-content/plugins/woocommerce/assets/css/photoswipe/default-skin/default-skin.min4615.css]
[officeprodeals.com/wp-content/themes/blocksy/static/bundle/comments.minfa0d.css]
[officeprodeals.com/wp-content/themes/blocksy/static/bundle/flexy.minfa0d.css]
[officeprodeals.com/wp-content/plugins/woocommerce/assets/js/zoom/jquery.zoom.minb1d9.js]
[officeprodeals.com/wp-content/plugins/woocommerce/assets/js/photoswipe/photoswipe.minc867.js]
[officeprodeals.com/wp-content/plugins/woocommerce/assets/js/photoswipe/photoswipe-ui-default.minc867.js]
[officeprodeals.com/wp-content/plugins/woocommerce/assets/js/frontend/single-product.min4615.js]
[officeprodeals.com/wp-json/wp/v2/product/1109.json]
[officeprodeals.com/wp-json/oembed/1.0/embed1d0c.json]
[officeprodeals.com/wp-json/oembed/1.0/embedb90e]
[officeprodeals.com/wp-content/uploads/2024/06/Office-2007-1-400x400.webp]
[officeprodeals.com/wp-content/plugins/woo-stripe-payment/assets/build/stripe80c9.css]
[officeprodeals.com/wp-includes/js/comment-reply.minb6a4.js]
[officeprodeals.com/product/microsoft-office-2007-with-software-and-key/index233f.html]
[officeprodeals.com/wp-content/plugins/woo-stripe-payment/assets/js/frontend/form-handler.min80c9.js]
[officeprodeals.com/wp-content/plugins/woo-stripe-payment/assets/js/frontend/wc-stripe.min80c9.js]
[officeprodeals.com/wp-content/plugins/woo-stripe-payment/assets/js/frontend/payment-request.min80c9.js]
[officeprodeals.com/product/microsoft-office-2007-with-software-and-key/index.html]
[officeprodeals.com/wp-json/wp/v2/product_cat/24.json]
[officeprodeals.com/product-category/office/index.html]
[officeprodeals.com/index760b.html]
[officeprodeals.com/product-category/office/feed/index.html]
[officeprodeals.com/product-category/office/index760b.html]
[officeprodeals.com/product/office-2010-professional-plus/feed/index.html]
[officeprodeals.com/wp-json/wp/v2/product/1115.json]
[officeprodeals.com/product-category/office/index233f.html]
[officeprodeals.com/wp-json/oembed/1.0/embedaab7.json]
[officeprodeals.com/wp-json/oembed/1.0/embed4a57]
[officeprodeals.com/wp-content/uploads/2024/06/microsoft-office-2010-professional-plus-32-64-bit-product-key-400x421.jpg]
[officeprodeals.com/product/office-2010-professional-plus/index.html]
[officeprodeals.com/index233f.html]
[officeprodeals.com/wp-json/wp/v2/posts/681.json]
[officeprodeals.com/amet-commodo-nulla-facilisi-vehicula-ipsum/feed/index.html]
[officeprodeals.com/product/office-2010-professional-plus/index760b.html]
[officeprodeals.com/wp-json/oembed/1.0/embed9688.json]
[officeprodeals.com/wp-json/oembed/1.0/embedd95f]
[officeprodeals.com/wp-content/uploads/2022/05/article-image-5.webp]
[officeprodeals.com/amet-commodo-nulla-facilisi-vehicula-ipsum/index.html]
[officeprodeals.com/wp-json/wp/v2/categories/18.json]
[officeprodeals.com/author/officeprodeals/index.html]
[officeprodeals.com/wp-content/uploads/2022/05/article-image-3-768x637.webp]
[officeprodeals.com/category/useful/index.html]
[officeprodeals.com/massa-ultricies-hendrerit-dolor-magna/index.html]
[officeprodeals.com/category/useful/feed/index.html]
[officeprodeals.com/urnaneque-viverra-justo-ultrices-sapieneget/feed/index.html]
[officeprodeals.com/wp-json/wp/v2/posts/678.json]
[officeprodeals.com/wp-json/oembed/1.0/embed1488.json]
[officeprodeals.com/wp-json/oembed/1.0/embedf056]
[officeprodeals.com/wp-content/uploads/2022/05/article-image-4.webp]
[officeprodeals.com/urnaneque-viverra-justo-ultrices-sapieneget/index.html]
[officeprodeals.com/wp-json/wp/v2/categories/17.json]
[officeprodeals.com/category/gadgets/feed/index.html]
[officeprodeals.com/wp-content/uploads/2022/04/article-image-1-768x637.webp]
[officeprodeals.com/category/gadgets/index.html]
[officeprodeals.com/fermentum-faucibus-ornare-quam-viverra/index.html]
[officeprodeals.com/wp-json/wp/v2/posts/675.json]
[officeprodeals.com/tristique-magna-amet-purus-gravida-quisblandit/feed/index.html]
[officeprodeals.com/wp-json/oembed/1.0/embedad7e.json]
[officeprodeals.com/wp-json/oembed/1.0/embed0f59]
[officeprodeals.com/wp-content/uploads/2022/05/article-image-6.webp]
[officeprodeals.com/tristique-magna-amet-purus-gravida-quisblandit/index.html]
[officeprodeals.com/wp-json/wp/v2/categories/16.json]
[officeprodeals.com/category/expirience/feed/index.html]
[officeprodeals.com/wp-content/uploads/2022/05/article-image-2-768x637.webp]
[officeprodeals.com/category/expirience/index.html]
[officeprodeals.com/consequat-mauris-nunc-congue-suscipit/index.html]
[officeprodeals.com/wp-json/wp/v2/pages/1056.json]
[officeprodeals.com/wp-json/oembed/1.0/embed125d.json]
[officeprodeals.com/wp-json/oembed/1.0/embed0c07]
[officeprodeals.com/cancellation-refund/index.html]
[officeprodeals.com/wp-json/wp/v2/pages/1053.json]
[officeprodeals.com/wp-json/oembed/1.0/embeded76.json]
[officeprodeals.com/wp-json/oembed/1.0/embed4b37]
[officeprodeals.com/terms-and-conditions/index.html]
[officeprodeals.com/wp-content/plugins/woocommerce/assets/client/blocks/wc-blocksbbf5.css]
[officeprodeals.com/wp-content/plugins/testimonial-slider-and-showcase/assets/vendor/fontello/font/tss-font07c7.eot]
[officeprodeals.com/wp-content/plugins/testimonial-slider-and-showcase/assets/vendor/fontello/font/tss-font07c7.woff2]
[officeprodeals.com/wp-content/plugins/testimonial-slider-and-showcase/assets/vendor/fontello/font/tss-font07c7.woff]
[officeprodeals.com/wp-content/plugins/testimonial-slider-and-showcase/assets/vendor/fontello/font/tss-font07c7.ttf]
[officeprodeals.com/wp-content/plugins/testimonial-slider-and-showcase/assets/vendor/fontello/font/tss-font07c7.svg]
[officeprodeals.com/wp-content/plugins/testimonial-slider-and-showcase/assets/vendor/fontello/css/tss-font.min42d8.css]
[officeprodeals.com/wp-includes/fonts/dashicons7d4b.eot]
[officeprodeals.com/wp-includes/fonts/dashicons7d4b.ttf]
[officeprodeals.com/wp-includes/css/dashicons.minb6a4.css]
[officeprodeals.com/wp-content/plugins/testimonial-slider-and-showcase/assets/images/skype.svg]
[officeprodeals.com/wp-content/plugins/testimonial-slider-and-showcase/assets/images/telegram.svg]
[officeprodeals.com/wp-content/plugins/testimonial-slider-and-showcase/assets/images/twitter-x.svg]
[officeprodeals.com/wp-includes/css/dist/block-library/style.minb6a4.css]
[officeprodeals.com/wp-content/themes/blocksy/static/bundle/page-title.minfa0d.css]
[officeprodeals.com/products/index760b.html]
[officeprodeals.com/products/index233f.html]
[officeprodeals.com/wp-content/uploads/elementor/css/post-698fc2d.css]
[officeprodeals.com/indexfcd3.html]
[officeprodeals.com/wp-content/plugins/woocommerce/assets/css/select24615.css]
[officeprodeals.com/wp-content/themes/blocksy/static/bundle/share-box.minfa0d.css]
[officeprodeals.com/index325c.html]
[officeprodeals.com/wp-includes/js/zxcvbn-async.min5152.js]
[officeprodeals.com/wp-admin/js/password-strength-meter.minb6a4.js]
[officeprodeals.com/wp-content/plugins/woocommerce/assets/js/frontend/password-strength-meter.min4615.js]
[officeprodeals.com/wp-content/plugins/woocommerce/assets/js/frontend/lost-password.min4615.js]
[officeprodeals.com/my-account/lost-password/index.html]
[officeprodeals.com/wp-content/uploads/elementor/css/post-695c916.css]
[officeprodeals.com/index8fde.html]
[officeprodeals.com/contact-us/+1-888-821-5758.html]
[officeprodeals.com/wp-content/plugins/wpforms-lite/assets/images/submit-spin.svg]
[officeprodeals.com/contact-us/index760b.html]
[officeprodeals.com/contact-us/index233f.html]
[officeprodeals.com/wp-content/plugins/wpforms-lite/assets/css/frontend/modern/wpforms-base.min8cb8.css]
[officeprodeals.com/index2207.html]
[officeprodeals.com/indexd7e6.html]
[officeprodeals.com/wp-content/plugins/woocommerce/assets/css/photoswipe/default-skin/default-skin.png]
[officeprodeals.com/wp-content/plugins/woocommerce/assets/css/photoswipe/photoswipe.min4615.css]
[officeprodeals.com/wp-content/plugins/woocommerce/assets/css/photoswipe/default-skin/default-skin.svg]
[officeprodeals.com/wp-content/plugins/woocommerce/assets/css/photoswipe/default-skin/preloader.gif]
[officeprodeals.com/wp-content/plugins/woocommerce/assets/css/photoswipe/default-skin/default-skin.min4615.css]
[officeprodeals.com/wp-content/themes/blocksy/static/bundle/comments.minfa0d.css]
[officeprodeals.com/wp-content/themes/blocksy/static/bundle/flexy.minfa0d.css]
[officeprodeals.com/index6a48.html]
[officeprodeals.com/product/microsoft-office-2007-with-software-and-key/index233f.html]
[officeprodeals.com/wp-content/plugins/woo-stripe-payment/assets/img/cards/visa.svg]
[officeprodeals.com/wp-content/plugins/woo-stripe-payment/assets/img/cards/amex.svg]
[officeprodeals.com/wp-content/plugins/woo-stripe-payment/assets/img/cards/discover.svg]
[officeprodeals.com/wp-content/plugins/woo-stripe-payment/assets/img/cards/mastercard.svg]
[officeprodeals.com/wp-content/plugins/woo-stripe-payment/assets/img/cards/diners.svg]
[officeprodeals.com/wp-content/plugins/woo-stripe-payment/assets/img/cards/jcb.svg]
[officeprodeals.com/wp-content/plugins/woo-stripe-payment/assets/img/sepa.svg]
[officeprodeals.com/wp-content/plugins/woo-stripe-payment/assets/img/amazon_pay.svg]
[officeprodeals.com/wp-content/plugins/woo-stripe-payment/assets/img/cashapp.svg]
[officeprodeals.com/wp-content/plugins/woo-stripe-payment/assets/img/revolut_pay.svg]
[officeprodeals.com/wp-content/plugins/woo-stripe-payment/assets/build/stripe80c9.css]
[officeprodeals.com/product-category/office/index760b.html]
[officeprodeals.com/product-category/office/index233f.html]
[officeprodeals.com/index1efb.html]
[officeprodeals.com/product/office-2010-professional-plus/index760b.html]
[officeprodeals.com/index1565.html]
[officeprodeals.com/wp-json/wp/v2/users/1.json]
[officeprodeals.com/author/officeprodeals/index.html]
[officeprodeals.com/massa-ultricies-hendrerit-dolor-magna/feed/index.html]
[officeprodeals.com/author/officeprodeals/feed/index.html]
[officeprodeals.com/wp-json/wp/v2/posts/391.json]
[officeprodeals.com/wp-json/oembed/1.0/embed0303.json]
[officeprodeals.com/wp-json/oembed/1.0/embed9729]
[officeprodeals.com/wp-content/uploads/2022/05/article-image-3.webp]
[officeprodeals.com/massa-ultricies-hendrerit-dolor-magna/index.html]
[officeprodeals.com/indexc5e7.html]
[officeprodeals.com/fermentum-faucibus-ornare-quam-viverra/feed/index.html]
[officeprodeals.com/wp-json/wp/v2/posts/1.json]
[officeprodeals.com/wp-json/oembed/1.0/embed030a.json]
[officeprodeals.com/wp-json/oembed/1.0/embedbe38]
[officeprodeals.com/wp-content/uploads/2022/04/article-image-1.webp]
[officeprodeals.com/fermentum-faucibus-ornare-quam-viverra/index.html]
[officeprodeals.com/index8374.html]
[officeprodeals.com/wp-json/wp/v2/posts/388.json]
[officeprodeals.com/consequat-mauris-nunc-congue-suscipit/feed/index.html]
[officeprodeals.com/fermentum-faucibus-ornare-quam-viverra/index0e22.html]
[officeprodeals.com/wp-json/oembed/1.0/embeda06c.json]
[officeprodeals.com/wp-json/oembed/1.0/embed9b3d]
[officeprodeals.com/wp-content/uploads/2022/05/article-image-2.webp]
[officeprodeals.com/consequat-mauris-nunc-congue-suscipit/index.html]
[officeprodeals.com/index3f75.html]
[officeprodeals.com/index6c4a.html]
[officeprodeals.com/wp-content/plugins/testimonial-slider-and-showcase/assets/vendor/fontello/font/tss-font07c7.svg]
[officeprodeals.com/wp-content/plugins/woocommerce/assets/css/photoswipe/default-skin/default-skin.svg]
[officeprodeals.com/wp-content/plugins/woo-stripe-payment/assets/img/cards/visa.svg]
[officeprodeals.com/wp-content/plugins/woo-stripe-payment/assets/img/cards/amex.svg]
[officeprodeals.com/wp-content/plugins/woo-stripe-payment/assets/img/cards/discover.svg]
[officeprodeals.com/wp-content/plugins/woo-stripe-payment/assets/img/cards/mastercard.svg]
[officeprodeals.com/wp-content/plugins/woo-stripe-payment/assets/img/cards/diners.svg]
[officeprodeals.com/wp-content/plugins/woo-stripe-payment/assets/img/cards/jcb.svg]
[officeprodeals.com/wp-content/plugins/woo-stripe-payment/assets/img/sepa.svg]
[officeprodeals.com/wp-content/plugins/woo-stripe-payment/assets/img/amazon_pay.svg]
[officeprodeals.com/wp-content/plugins/woo-stripe-payment/assets/img/cashapp.svg]
[officeprodeals.com/wp-content/plugins/woo-stripe-payment/assets/img/revolut_pay.svg]
[officeprodeals.com/index64d4.html]
[officeprodeals.com/indexcff1.html]
[officeprodeals.com/fermentum-faucibus-ornare-quam-viverra/index0e22.html]
[officeprodeals.com/index42a9.html]
